
> app@0.1.0 vercel-build
> prisma generate && prisma migrate deploy && next build

Prisma schema loaded from prisma\schema.prisma

Ô£ö Generated Prisma Client (v6.19.2) to .\node_modules\@prisma\client in 76ms

Start by importing your Prisma Client (See: https://pris.ly/d/importing-client)

Tip: Interested in query caching in just a few lines of code? Try Accelerate today! https://pris.ly/tip-3-accelerate

Prisma schema loaded from prisma\schema.prisma
Datasource "db": PostgreSQL database "neondb", schema "public" at "ep-blue-tooth-acumseqj.sa-east-1.aws.neon.tech"

9 migrations found in prisma/migrations


No pending migrations to apply.
Ôû▓ Next.js 16.1.6 (Turbopack)
- Environments: .env.local, .env

  Creating an optimized production build ...
Ô£ô Compiled successfully in 3.2s
  Running TypeScript ...
