scripts/seedTickets.ts(19,13): error TS2322: Type '{ number: number; status: "AVAILABLE"; }[]' is not assignable to type 'TicketCreateManyInput | TicketCreateManyInput[]'.
  Type '{ number: number; status: "AVAILABLE"; }[]' is not assignable to type 'TicketCreateManyInput[]'.
    Property 'raffleId' is missing in type '{ number: number; status: "AVAILABLE"; }' but required in type 'TicketCreateManyInput'.
